   Compiling typesafe-sdk v0.2.0 (/tmp/hiero-sdk-audit-20261005/codeitlikemiley)
    Finished `test` profile [unoptimized + debuginfo] target(s) in 0.31s
     Running tests/hiero_audit.rs (/tmp/hiero-sdk-audit-20261005/target/debug/deps/hiero_audit-d37a219fdf924769)

running 8 tests
test audit_accepts_named_noul ... ok
test audit_debug_redacts_api_key ... FAILED
test audit_does_not_follow_redirects ... FAILED
test audit_no_retry_on_429 ... ok
test audit_one_bad_answer_rejects_typed_batch ... ok
test audit_rejects_invalid_json ... ok
test audit_rejects_out_of_range_noul ... FAILED
test audit_rejects_oversized_response ... FAILED

failures:

---- audit_debug_redacts_api_key stdout ----

thread 'audit_debug_redacts_api_key' (1091397) panicked at tests/hiero_audit.rs:34:2:
Debug exposes API key
note: run with `RUST_BACKTRACE=1` environment variable to display a backtrace

---- audit_does_not_follow_redirects stdout ----

thread 'audit_does_not_follow_redirects' (1091398) panicked at tests/hiero_audit.rs:61:2:
assertion `left == right` failed: followed redirect despite zero retries
  left: 2
 right: 1

---- audit_rejects_out_of_range_noul stdout ----

thread 'audit_rejects_out_of_range_noul' (1091429) panicked at tests/hiero_audit.rs:39:2:
accepted probability 1.5; domain validation required

---- audit_rejects_oversized_response stdout ----

thread 'audit_rejects_oversized_response' (1091432) panicked at tests/hiero_audit.rs:56:2:
accepted response larger than Hieronymus 64 KiB limit


failures:
    audit_debug_redacts_api_key
    audit_does_not_follow_redirects
    audit_rejects_out_of_range_noul
    audit_rejects_oversized_response

test result: FAILED. 4 passed; 4 failed; 0 ignored; 0 measured; 0 filtered out; finished in 4.57s

error: test failed, to rerun pass `--test hiero_audit`
