    Checking indexmap v2.14.2
    Checking futures-util v0.3.34
    Checking icu_locale_core v2.1.1
    Checking icu_collections v2.1.1
    Checking icu_provider v2.1.1
    Checking serde v1.0.229
    Checking icu_normalizer_data v2.1.1
    Checking icu_properties_data v2.1.2
    Checking icu_properties v2.1.2
    Checking icu_normalizer v2.1.1
    Checking getrandom v0.2.17
    Checking tokio-util v0.7.19
    Checking ring v0.17.14
    Checking h2 v0.4.19
    Checking idna_adapter v1.2.1
    Checking serde_json v1.0.151
    Checking form_urlencoded v1.2.2
    Checking idna v1.1.0
    Checking rustls-webpki v0.103.15
    Checking hyper v1.11.1
    Checking crossbeam-utils v0.8.23
    Checking aho-corasick v1.1.5
    Checking hyper-util v0.1.21
    Checking regex-automata v0.4.18
    Checking rustls v0.23.45
    Checking crossbeam-epoch v0.9.21
    Checking zerocopy v0.8.57
    Checking url v2.5.8
    Checking futures-executor v0.3.34
    Checking either v1.18.0
    Checking tower v0.5.3
    Checking futures v0.3.34
    Checking tokio-rustls v0.26.6
    Checking crossbeam-deque v0.8.8
    Checking regex v1.13.1
    Checking webpki-roots v1.0.9
    Checking num_cpus v1.17.0
    Checking deadpool-runtime v0.1.4
    Checking half v2.7.1
    Checking plotters-backend v0.3.7
    Checking ryu v1.0.23
    Checking ciborium-io v0.2.2
    Checking ciborium-ll v0.2.2
    Checking serde_urlencoded v0.7.1
    Checking deadpool v0.12.3
    Checking clap_builder v4.6.7
    Checking plotters-svg v0.3.7
    Checking tower-http v0.6.11
    Checking hyper-rustls v0.27.10
    Checking rayon-core v1.13.0
    Checking itertools v0.10.5
    Checking assert-json-diff v2.0.2
    Checking encoding_rs v0.8.35
    Checking mime v0.3.17
    Checking same-file v1.0.6
    Checking cast v0.3.0
   Compiling typesafe-sdk v0.2.0 (/tmp/hiero-sdk-audit-20261005/codeitlikemiley)
    Checking reqwest v0.12.28
    Checking criterion-plot v0.5.0
    Checking walkdir v2.5.0
    Checking wiremock v0.6.5
    Checking clap v4.6.7
    Checking rayon v1.12.0
    Checking plotters v0.3.7
    Checking ciborium v0.2.2
    Checking tinytemplate v1.2.1
    Checking is-terminal v0.4.17
    Checking oorandom v11.1.5
    Checking anes v0.1.6
    Checking criterion v0.5.1
    Finished `dev` profile [unoptimized + debuginfo] target(s) in 5.64s
