   Compiling syn v3.0.6
    Checking tokio v1.53.2
   Compiling synstructure v0.14.0
   Compiling zerovec-derive v0.11.6
   Compiling zerofrom-derive v0.1.8
   Compiling yoke-derive v0.8.4
    Checking zerofrom v0.1.8
   Compiling displaydoc v0.2.7
    Checking yoke v0.8.3
    Checking tokio-util v0.7.19
    Checking zerovec v0.11.8
    Checking zerotrie v0.2.5
    Checking tinystr v0.8.4
    Checking icu_locale_core v2.2.0
    Checking potential_utf v0.1.6
    Checking icu_collections v2.2.0
    Checking h2 v0.4.19
    Checking icu_provider v2.2.0
    Checking icu_properties v2.2.0
    Checking icu_normalizer v2.2.0
    Checking idna_adapter v1.2.2
    Checking idna v1.1.0
    Checking tower v0.5.3
    Checking hyper v1.11.1
    Checking url v2.5.8
    Checking tokio-rustls v0.26.6
   Compiling serde_derive v1.0.229
    Checking hyper-util v0.1.21
    Checking tower-http v0.6.11
    Checking hyper-rustls v0.27.10
   Compiling thiserror-impl v2.0.21
    Checking thiserror v2.0.21
    Checking serde v1.0.229
    Checking reqwest v0.13.5
 Documenting typesafe-sdk v0.1.0 (/tmp/hiero-sdk-audit-20261005/netf)
    Finished `dev` profile [unoptimized + debuginfo] target(s) in 3.86s
   Generated /tmp/hiero-sdk-audit-20261005/target/doc/typesafe_sdk/index.html
