   Compiling typesafe-sdk v0.1.0 (/tmp/hiero-sdk-audit-20261005/netf)
    Finished `test` profile [unoptimized + debuginfo] target(s) in 0.19s
     Running tests/hiero_audit.rs (/tmp/hiero-sdk-audit-20261005/target/debug/deps/hiero_audit-c6a52f3d072b2291)

running 7 tests
test audit_accepts_named_noul ... ok
test audit_does_not_follow_redirects ... ok
test audit_no_retry_on_429 ... ok
test audit_one_bad_answer_rejects_typed_batch ... ok
test audit_rejects_invalid_json ... ok
test audit_rejects_out_of_range_noul ... FAILED
test audit_rejects_oversized_response ... FAILED

failures:

---- audit_rejects_out_of_range_noul stdout ----

thread 'audit_rejects_out_of_range_noul' (1090612) panicked at tests/hiero_audit.rs:34:2:
accepted probability 1.5; domain validation required
note: run with `RUST_BACKTRACE=1` environment variable to display a backtrace

---- audit_rejects_oversized_response stdout ----

thread 'audit_rejects_oversized_response' (1090616) panicked at tests/hiero_audit.rs:51:2:
accepted response larger than Hieronymus 64 KiB limit


failures:
    audit_rejects_out_of_range_noul
    audit_rejects_oversized_response

test result: FAILED. 5 passed; 2 failed; 0 ignored; 0 measured; 0 filtered out; finished in 4.57s

error: test failed, to rerun pass `--test hiero_audit`
