    Finished `test` profile [unoptimized + debuginfo] target(s) in 0.03s
     Running unittests src/lib.rs (/tmp/hiero-sdk-audit-20261005/target/debug/deps/typesafe_sdk-16d46ae59aba425c)

running 91 tests
test config::tests::explicit_values_win_over_environment_values ... ok
test config::tests::environment_values_are_trimmed_and_blank_values_fall_back ... ok
test client::tests::header_maps_override_earlier_pairs ... ok
test config::tests::defaults_apply_to_timeouts_and_models ... ok
test config::tests::base_urls_are_stored_as_the_http_layer_reads_them ... ok
test config::tests::debug_hides_credentials ... ok
test client::tests::builders_do_not_leak_credentials ... ok
test config::tests::missing_keys_are_reported ... ok
test config::tests::headers_keep_their_last_value ... ok
test config::tests::trailing_slashes_are_stripped_from_the_base_url ... ok
test config::tests::invalid_settings_are_rejected ... ok
test decode::tests::paths_render_object_members_and_array_elements ... ok
test decode::tests::malformed_bodies_report_the_offending_field ... ok
test decode::tests::model_metadata_paths_include_the_index ... ok
test decode::tests::answers_decode_into_typed_values ... ok
test decode::tests::usage_treats_null_as_unreported ... ok
test decode::tests::unknown_fields_are_ignored ... ok
test error::tests::bodyless_and_plain_bodies_render_as_expected ... ok
test error::tests::an_explicit_message_override_survives_on_rate_limits ... ok
test error::tests::display_degrades_without_message_endpoint_or_request_id ... ok
test error::tests::debug_hides_body_and_headers ... ok
test decode::tests::score_keys_must_be_canonical_integers ... ok
test error::tests::display_includes_endpoint_and_request_id ... ok
test error::tests::empty_messages_fall_back_to_the_raw_body ... ok
test error::tests::endpoints_omit_credentials_query_and_fragment ... ok
test error::tests::extraction_prefers_error_over_message_and_detail ... ok
test error::tests::extracts_messages_in_priority_order ... ok
test decode::tests::answer_paths_match_the_reference_implementation ... ok
test error::tests::joins_validation_detail_entries ... ok
test error::tests::location_segments_that_are_not_strings_or_integers_render_as_json ... ok
test error::tests::raw_bodies_keep_document_order_and_big_integers_render_as_floats ... ok
test error::tests::long_unstructured_bodies_are_truncated ... ok
test error::tests::paths_are_quoted_the_way_python_repr_quotes_them ... ok
test error::tests::repeated_headers_join_the_way_httpx_reads_them ... ok
test error::tests::timeouts_render_their_setting ... ok
test decode::tests::unknown_answer_types_are_kept_unparsed ... ok
test error::tests::statuses_map_to_variants ... ok
test http::tests::extra_headers_override_earlier_pairs ... ok
test http::tests::invalid_timeouts_and_headers_are_rejected ... ok
test http::tests::content_type_follows_the_body ... ok
test json::tests::from_serialize_encodes_abstract_containers ... ok
test json::tests::from_serialize_encodes_structs ... ok
test http::tests::protected_headers_win_over_user_values ... ok
test http::tests::timeouts_prefer_the_per_call_value ... ok
test http::tests::urls_join_the_configured_base_with_the_path ... ok
test json::tests::from_serialize_reports_encoding_failures ... ok
test json::tests::response_bodies_decode_leniently ... ok
test logging::tests::header_maps_are_redacted ... ok
test logging::tests::secret_headers_are_detected ... ok
test logging::tests::non_secret_headers_are_preserved ... ok
test json::tests::content_round_trips_through_json ... ok
test question::tests::raw_questions_pass_through_verbatim ... ok
test question::tests::choice_emits_criteria_and_keeps_undescribed_labels_null ... ok
test question::tests::noul_omits_only_unset_fields ... ok
test question::tests::score_emits_an_ordered_criteria_array ... ok
test question::tests::typed_deserialization_rejects_other_tags ... ok
test question::tests::validation_accepts_typed_and_raw_choices ... ok
test question::tests::questions_round_trip_through_serde ... ok
test question::tests::validation_rejects_empty_and_malformed_questions ... ok
test question::tests::validation_requires_nonempty_score_criteria ... ok
test request::tests::bodies_use_the_client_model_unless_overridden ... ok
test request::tests::extra_body_merges_last_write_wins ... ok
test request::tests::extra_body_must_be_an_object ... ok
test request::tests::missing_state_is_reported ... ok
test response::tests::malformed_json_bodies_report_an_empty_path ... ok
test response::tests::decode_response_classifies_failures ... ok
test response::tests::accessors_group_answers_by_type ... ok
test retry::tests::backoff_doubles_then_caps ... ok
test response::tests::debug_reports_fields_without_the_raw_body ... ok
test retry::tests::backoff_handles_extreme_values ... ok
test retry::tests::budget_allows_two_calls_with_a_fresh_clock ... ok
test retry::tests::debug_reports_custom_predicates_without_their_contents ... ok
test response::tests::answer_serialization_carries_its_type_tag ... ok
test retry::tests::half_millisecond_ties_round_to_even_like_python ... ok
test retry::tests::http_date_formats_are_parsed ... ok
test retry::tests::budget_table_matches_the_reference_implementation ... ok
test retry::tests::http_dates_are_converted_relative_to_now ... ok
test retry::tests::jitter_is_clamped_and_non_finite_values_become_zero ... ok
test response::tests::responses_round_trip_through_serde ... ok
test retry::tests::predicate_opts_extra_failures_into_retrying ... ok
test retry::tests::retry_after_table_matches_the_reference_implementation ... ok
test response::tests::unknown_answers_are_skipped_by_typed_accessors ... ok
test retry::tests::max_retries_caps_attempts ... ok
test retry::tests::jitter_stays_within_bounds ... ok
test retry::tests::the_predicate_observes_every_failed_attempt ... ok
test retry::tests::server_delays_are_honoured_regardless_of_length ... ok
test retry::tests::waits_follow_the_configured_backoff_exactly ... ok
test retry::tests::validation_rejects_a_zero_budget ... ok
test client::tests::request_builders_do_not_leak_credentials ... ok
test retry::tests::custom_statuses_and_error_kinds_are_configurable ... ok
test retry::tests::retry_decisions_follow_status_and_error_kind ... ok

test result: ok. 91 passed; 0 failed; 0 ignored; 0 measured; 0 filtered out; finished in 0.02s

     Running tests/blocking.rs (/tmp/hiero-sdk-audit-20261005/target/debug/deps/blocking-cb170e4aa74d0d33)

running 6 tests
test async_builder_builds_a_blocking_client ... ok
test happy_path_returns_a_decoded_response ... ok
test every_request_setter_reaches_the_wire ... ok
test client_surface_is_available ... ok
test retries_report_the_attempt_count ... ok
test errors_are_mapped_like_the_async_client ... ok

test result: ok. 6 passed; 0 failed; 0 ignored; 0 measured; 0 filtered out; finished in 0.26s

     Running tests/client_config.rs (/tmp/hiero-sdk-audit-20261005/target/debug/deps/client_config-dd58b61be5016cbc)

running 8 tests
test the_builder_exposes_the_resolved_configuration ... ok
test sdk_client_supplied_client_and_per_call_headers_layer_in_order ... ok
test the_reported_version_matches_the_crate ... ok
test base_url_slashes_are_trimmed_and_prefixes_are_kept ... ok
test a_per_call_timeout_is_enforced_against_a_delayed_reply ... ok
test entry_points_and_environment_values_are_resolved ... ok
test a_per_call_timeout_overrides_the_client_timeout ... ok
test a_caller_supplied_http_client_is_used_and_its_defaults_are_inherited ... ok

test result: ok. 8 passed; 0 failed; 0 ignored; 0 measured; 0 filtered out; finished in 0.41s

     Running tests/docs.rs (/tmp/hiero-sdk-audit-20261005/target/debug/deps/docs-864aa7fedf59fddc)

running 2 tests
test readme_blocks_do_not_absorb_their_neighbours ... ok
test readme_code_fences_are_well_formed ... ok

test result: ok. 2 passed; 0 failed; 0 ignored; 0 measured; 0 filtered out; finished in 0.00s

     Running tests/errors.rs (/tmp/hiero-sdk-audit-20261005/target/debug/deps/errors-ce7283457d9ddd10)

running 11 tests
test display_degrades_without_endpoint_or_request_id ... ok
test repeated_response_headers_report_their_first_value ... ok
test endpoints_omit_url_credentials ... ok
test responses_carry_request_context ... ok
test rate_limits_carry_the_requested_wait ... ok
test truncation_keeps_two_hundred_characters ... ok
test unknown_answer_kinds_do_not_fail_a_call ... ok
test models_failures_carry_the_same_context ... ok
test messages_come_from_the_response_body ... ok
test body_edge_cases_render_like_the_reference_implementation ... ok
test statuses_map_to_error_variants ... ok

test result: ok. 11 passed; 0 failed; 0 ignored; 0 measured; 0 filtered out; finished in 0.26s

     Running tests/live.rs (/tmp/hiero-sdk-audit-20261005/target/debug/deps/live-0efdfcb819b641f3)

running 3 tests
test an_invalid_key_is_rejected ... ignored, requires TYPESAFE_API_KEY
test models_lists_non_empty_cards ... ignored, requires TYPESAFE_API_KEY
test system_one_answers_a_support_ticket ... ignored, requires TYPESAFE_API_KEY

test result: ok. 0 passed; 0 failed; 3 ignored; 0 measured; 0 filtered out; finished in 0.00s

     Running tests/logging.rs (/tmp/hiero-sdk-audit-20261005/target/debug/deps/logging-543f624cb0fd3995)

running 7 tests
test credentials_are_redacted_on_success_and_error ... ok
test levels_filter_what_is_captured ... ok
test retries_are_logged_with_their_progress_header ... ok
test warning_level_silences_successful_calls_but_keeps_warnings ... ok
test request_and_response_bodies_are_logged_at_debug ... ok
test transport_failures_are_logged_without_credentials ... ok
test unknown_answers_are_warned_about ... ok

test result: ok. 7 passed; 0 failed; 0 ignored; 0 measured; 0 filtered out; finished in 0.56s

     Running tests/retry.rs (/tmp/hiero-sdk-audit-20261005/target/debug/deps/retry-a3fbe61ad14fd9eb)

running 20 tests
test a_recovered_call_returns_the_successful_response ... ok
test concurrent_calls_keep_their_own_retry_state ... ok
test exhaustion_returns_the_last_attempts_error ... ok
test connection_failures_are_retried ... ok
test custom_statuses_and_predicates_opt_extra_failures_in ... ok
test milliseconds_beat_seconds_when_both_headers_are_valid ... ok
test concurrent_calls_keep_their_own_timeouts ... ok
test per_call_overrides_do_not_leak_into_the_next_call ... ok
test aborting_a_parked_retry_stops_the_attempts ... ok
test max_retries_caps_the_attempt_count ... ok
test server_delays_apply_to_any_retryable_status ... ok
test exhausted_timeout_retries_report_the_configured_timeout ... ok
test per_call_policies_override_the_client_policy ... ok
test zero_backoff_bounds_still_retry ... ok
test default_policies_retry_the_expected_statuses ... ok
test the_budget_stops_retries_before_the_delay ... ok
test each_call_gets_a_fresh_budget ... ok
test server_requested_delays_are_honoured ... ok
test transport_failures_recover_into_server_delays ... ok
test the_budget_can_differ_per_call ... ok

test result: ok. 20 passed; 0 failed; 0 ignored; 0 measured; 0 filtered out; finished in 0.78s

     Running tests/system_one.rs (/tmp/hiero-sdk-audit-20261005/target/debug/deps/system_one-1dd9739ebab190c8)

running 15 tests
test models_are_passed_as_collected_pairs ... ok
test nullable_json_values_survive_inside_structures ... ok
test models_listing_returns_cards_and_raw_metadata ... ok
test per_call_headers_and_timeouts_apply_to_models_listing ... ok
test models_and_extra_body_are_overridable_per_call ... ok
test raw_and_structured_inputs_pass_through ... ok
test raw_questions_preserve_explicit_nulls ... ok
test json_content_covers_text_arrays_and_objects ... ok
test unknown_fields_are_ignored ... ok
test typed_questions_are_encoded_on_the_wire ... ok
test unknown_answers_are_kept_and_skipped_by_typed_accessors ... ok
test unicode_state_round_trips ... ok
test response_accessors_expose_every_answer_kind ... ok
test the_client_exposes_its_configuration ... ok
test value_and_array_states_are_sent_verbatim ... ok

test result: ok. 15 passed; 0 failed; 0 ignored; 0 measured; 0 filtered out; finished in 0.06s

     Running tests/validation.rs (/tmp/hiero-sdk-audit-20261005/target/debug/deps/validation-9600cdfdc4a7cc87)

running 10 tests
test client_configuration_is_validated ... ok
test header_maps_are_validated_like_pairs ... ok
test request_inputs_are_validated_before_the_network ... ok
test malformed_raw_question_shapes_are_left_to_the_api ... ok
test per_call_settings_are_validated ... ok
test validation_errors_carry_the_request_id_and_headers ... ok
test malformed_answers_are_reported_in_document_order ... ok
test unparseable_bodies_report_an_empty_path ... ok
test nested_model_cards_report_indexed_paths ... ok
test malformed_system_one_bodies_report_the_offending_field ... ok

test result: ok. 10 passed; 0 failed; 0 ignored; 0 measured; 0 filtered out; finished in 0.43s

   Doc-tests typesafe_sdk

running 23 tests
test src/blocking.rs - blocking (line 13) ... ignored
test src/client.rs - client::TypeSafeClient (line 29) - compile ... ok
test src/client.rs - client::TypeSafeClient::models (line 123) ... ok
test src/client.rs - client::ClientBuilder (line 196) ... ok
test src/blocking.rs - blocking::ClientBuilder (line 313) ... ok
test src/lib.rs - (line 277) ... ok
test src/client.rs - client::TypeSafeClient::system_one (line 107) ... ok
test src/lib.rs - (line 328) ... ignored
test src/lib.rs - (line 357) ... ignored
test src/json.rs - json::JsonContent (line 13) ... ok
test src/lib.rs - (line 135) ... ok
test src/lib.rs - (line 219) ... ok
test src/models.rs - models::Models (line 15) ... ok
test src/lib.rs - (line 72) ... ok
test src/lib.rs - (line 382) ... ok
test src/lib.rs - (line 37) ... ok
test src/question.rs - question::Noul (line 61) ... ok
test src/question.rs - question::Question (line 339) ... ok
test src/question.rs - question::Choice (line 143) ... ok
test src/request.rs - request::SystemOneRequest (line 20) ... ok
test src/lib.rs - (line 417) ... ok
test src/question.rs - question::Score (line 261) ... ok
test src/retry.rs - retry::RetryPolicy (line 31) ... ok

test result: ok. 20 passed; 0 failed; 3 ignored; 0 measured; 0 filtered out; finished in 0.00s

all doctests ran in 0.20s; merged doctests compilation took 0.20s
