   Compiling libc v0.2.190
    Checking zerofrom v0.1.8
    Checking stable_deref_trait v1.2.1
    Checking yoke v0.8.3
    Checking bytes v1.12.1
    Checking pin-project-lite v0.2.17
    Checking zerovec v0.11.8
   Compiling jobserver v0.1.35
   Compiling cc v1.6.0
    Checking futures-core v0.3.34
    Checking socket2 v0.6.5
    Checking mio v1.2.4
   Compiling cmake v0.1.58
    Checking itoa v1.0.18
    Checking futures-sink v0.3.34
    Checking once_cell v1.21.4
    Checking tokio v1.53.2
   Compiling aws-lc-sys v0.45.0
    Checking tinystr v0.8.4
    Checking smallvec v1.16.2
    Checking writeable v0.6.4
    Checking litemap v0.8.3
    Checking zeroize v1.9.0
    Checking icu_locale_core v2.2.0
    Checking http v1.5.0
    Checking zerotrie v0.2.5
    Checking potential_utf v0.1.6
    Checking slab v0.4.12
    Checking utf8_iter v1.0.4
    Checking icu_collections v2.2.0
    Checking icu_provider v2.2.0
    Checking rustls-pki-types v1.15.1
    Checking hashbrown v0.17.1
    Checking memchr v2.8.3
    Checking equivalent v1.0.2
    Checking indexmap v2.14.2
    Checking icu_normalizer_data v2.2.0
    Checking icu_properties_data v2.2.0
    Checking http-body v1.1.0
    Checking tracing-core v0.1.36
    Checking futures-io v0.3.34
    Checking futures-task v0.3.34
    Checking percent-encoding v2.3.2
    Checking untrusted v0.9.0
    Checking futures-util v0.3.34
    Checking tracing v0.1.44
    Checking icu_properties v2.2.0
    Checking icu_normalizer v2.2.0
    Checking tokio-util v0.7.19
    Checking subtle v2.6.1
    Checking atomic-waker v1.1.2
    Checking fnv v1.0.7
    Checking try-lock v0.2.5
    Checking tower-service v0.3.3
    Checking want v0.3.1
    Checking h2 v0.4.19
    Checking idna_adapter v1.2.2
    Checking httparse v1.10.1
    Checking futures-channel v0.3.34
    Checking hyper v1.11.1
    Checking idna v1.1.0
    Checking serde_core v1.0.229
    Checking form_urlencoded v1.2.2
    Checking sync_wrapper v1.0.2
    Checking openssl-probe v0.2.1
    Checking tower-layer v0.3.3
    Checking ipnet v2.12.2
    Checking base64 v0.23.1
    Checking hyper-util v0.1.21
    Checking tower v0.5.3
    Checking rustls-native-certs v0.8.4
    Checking url v2.5.8
    Checking zmij v1.0.23
    Checking bitflags v2.13.2
    Checking log v0.4.34
    Checking tower-http v0.6.11
    Checking serde v1.0.229
    Checking serde_json v1.0.151
    Checking http-body-util v0.1.5
   Compiling typesafe-sdk v0.1.0 (/tmp/hiero-sdk-audit-20261005/netf)
    Checking thiserror v2.0.21
   Compiling aws-lc-rs v1.18.1
   Compiling rustls v0.23.45
    Checking rustls-webpki v0.103.15
    Checking tokio-rustls v0.26.6
    Checking rustls-platform-verifier v0.7.1
    Checking hyper-rustls v0.27.10
    Checking reqwest v0.13.5
    Finished `dev` profile [unoptimized + debuginfo] target(s) in 26.46s
