   Compiling libc v0.2.189
    Checking yoke v0.8.3
    Checking zerovec v0.11.8
   Compiling jobserver v0.1.35
   Compiling cc v1.4.7
    Checking tinystr v0.8.4
    Checking smallvec v1.16.1
    Checking icu_locale_core v2.3.0
   Compiling cmake v0.1.58
    Checking mio v1.2.3
   Compiling aws-lc-sys v0.45.0
    Checking socket2 v0.6.5
    Checking zerotrie v0.2.5
    Checking potential_utf v0.1.6
    Checking icu_collections v2.3.0
    Checking tokio v1.53.1
    Checking icu_provider v2.3.1
    Checking icu_properties_data v2.3.0
    Checking icu_normalizer_data v2.3.0
    Checking futures-task v0.3.34
    Checking slab v0.4.12
    Checking futures-util v0.3.34
    Checking icu_normalizer v2.3.0
    Checking icu_properties v2.3.0
    Checking idna_adapter v1.2.2
    Checking futures-channel v0.3.34
    Checking hyper v1.11.1
    Checking idna v1.1.0
    Checking serde_core v1.0.229
    Checking base64 v0.22.1
    Checking hyper-util v0.1.20
    Checking tower v0.5.3
    Checking url v2.5.8
    Checking tower-http v0.6.11
    Checking memchr v2.8.3
    Checking serde_json v1.0.151
    Checking serde v1.0.229
    Checking serde_path_to_error v0.1.20
    Checking httpdate v1.0.3
    Checking fastrand v2.3.0
   Compiling aws-lc-rs v1.18.1
   Compiling rustls v0.23.45
    Checking rustls-webpki v0.103.15
    Checking tokio-rustls v0.26.5
    Checking rustls-platform-verifier v0.7.0
    Checking hyper-rustls v0.27.9
    Checking reqwest v0.13.5
    Checking typesafe-sdk v0.1.0 (/tmp/hiero-sdk-audit-20261005/volker48)
    Finished `dev` profile [unoptimized + debuginfo] target(s) in 24.75s
