PASS round_trip_raw
PASS round_trip_typed
PASS environment_defaults
PASS empty_environment_falls_back
PASS explicit_config_wins
PASS presence
PASS headers_and_body
PASS http_301
PASS http_400
PASS http_401
PASS http_403
PASS http_404
PASS http_408
PASS http_418
PASS http_422
PASS http_429
PASS http_500
PASS http_529
PASS error_text
PASS error_empty
PASS error_json_null
PASS missing_model
PASS missing_usage
PASS null_usage
PASS missing_answer_type
PASS missing_noul
PASS null_answers
PASS string_usage
PASS invalid_json
PASS unknown_and_optional
PASS missing_answers
PASS retry_recover
PASS retry_exhausted
PASS multi_call_reset
PASS connection_recovery
PASS connection_exhausted
PASS budget_stops_before_delay
PASS custom_retry_status
PASS connection_retry_disabled
PASS ignore_retry_after
PASS score_key_decimal
PASS score_key_whitespace
PASS score_key_underscores
PASS score_key_plus
PASS score_key_negative
PASS score_key_negative_zero
PASS score_key_exact_large
PASS score_key_max_i64
PASS score_key_min_i64
PASS score_key_invalid
PASS score_key_exponent
PASS score_key_fractional
PASS score_key_empty
PASS score_key_trailing_dot
PASS score_key_leading_dot
PASS score_key_double_underscore
PASS score_key_unicode
PASS legend_number
PASS legend_null
PASS legend_bool
PASS score_key_collision
PASS legend_error_wire_order
PASS score_probability_type
PASS key_before_value_error
PASS envelope_field_order
PASS usage_field_order
PASS answer_field_order
PASS answer_missing_field_order
PASS answer_wire_order
PASS type_preflight_order
PASS type_preflight_before_value
PASS unknown_type_before_invalid
PASS root_null
PASS root_array
PASS root_string
PASS usage_bool
PASS usage_float
PASS success_201
PASS success_202
PASS success_204
PASS success_299
PASS score_key_underscores_accepted
PASS score_key_underscore_trailing
PASS score_key_underscore_leading
PASS score_key_underscore_decimal
PASS score_key_collision_reversed
PASS retry_metadata_seconds
PASS retry_metadata_milliseconds
PASS retry_metadata_precedence
PASS retry_metadata_negative_ms
PASS retry_metadata_invalid_ms
PASS retry_metadata_nan_ms
PASS retry_metadata_infinite_ms
PASS retry_metadata_negative_seconds
PASS retry_metadata_empty_seconds
PASS retry_metadata_overflow
PASS retry_metadata_malformed
PASS retry_metadata_past_date
PASS retry_metadata_missing
PASS retry_sequence_invalid
PASS retry_sequence_negative
PASS retry_sequence_past
PASS retry_sequence_future
PASS choice_probability_empty
PASS choice_probability_dot
PASS choice_probability_dotted
PASS choice_probability_brackets
PASS choice_probability_ordinary
PASS models_round_trip
PASS models_empty
PASS models_extra_fields
PASS models_date_is_string
PASS models_empty_strings
PASS models_base_prefix
PASS models_missing
PASS models_null
PASS models_object
PASS models_string
PASS models_root_array
PASS models_root_null
PASS models_root_string
PASS models_root_number
PASS models_root_bool
PASS models_missing_name
PASS models_name_null
PASS models_name_number
PASS models_name_bool
PASS models_name_array
PASS models_name_object
PASS models_missing_description
PASS models_description_null
PASS models_description_number
PASS models_description_bool
PASS models_description_array
PASS models_description_object
PASS models_missing_release_date
PASS models_release_date_null
PASS models_release_date_number
PASS models_release_date_bool
PASS models_release_date_array
PASS models_release_date_object
PASS models_entry_null
PASS models_entry_number
PASS models_entry_bool
PASS models_entry_string
PASS models_entry_array
PASS models_field_order
PASS models_missing_before_invalid
PASS models_array_order
PASS models_invalid_json
PASS models_trailing_json
PASS models_empty_body
PASS models_status_201
PASS models_status_202
PASS models_status_204
PASS models_status_299
PASS models_status_301
PASS models_status_400
PASS models_status_401
PASS models_status_403
PASS models_status_404
PASS models_status_408
PASS models_status_418
PASS models_status_422
PASS models_status_429
PASS models_status_500
PASS models_status_529
PASS models_headers
PASS models_retry_recover
PASS models_retry_exhausted
PASS models_disconnect_recover
PASS models_disconnect_disabled
PASS models_custom_retry
PASS models_budget
PASS models_mixed_calls
PASS raw_future
PASS raw_known_extra
PASS raw_explicit_null
PASS raw_missing_type
PASS raw_null_type
PASS raw_scalar_instructions
PASS raw_choice_wrong_shape
PASS raw_empty_score
PASS raw_mixed
PASS raw_overrides
PASS raw_server_validation
PASS custom_success
PASS custom_with_raw
PASS custom_no_usage_or_discriminator
PASS custom_model_type
PASS custom_answers_type
PASS custom_answer_type
PASS custom_value_type
PASS custom_item_type
PASS custom_root_null
PASS custom_root_array
PASS custom_malformed
PASS custom_trailing
PASS custom_empty
PASS custom_status_201
PASS custom_status_204
PASS custom_status_400
PASS custom_status_429
PASS custom_status_500
PASS custom_retry
PASS extensions_mixed_calls
PASS raw_empty_type
PASS raw_numeric_type
PASS raw_missing_choice_criteria
PASS raw_missing_score_criteria
PASS raw_null_score_criteria
PASS raw_false_score_criteria
PASS raw_zero_score_criteria
PASS raw_empty_object_score_criteria
PASS raw_empty_string_score_criteria
{"total":215,"failed":0}
