   Compiling yoke-derive v0.8.3
    Checking tokio v1.53.1
    Checking yoke v0.8.3
    Checking zerovec v0.11.8
    Checking tinystr v0.8.4
    Checking icu_locale_core v2.3.0
    Checking potential_utf v0.1.6
    Checking zerotrie v0.2.5
    Checking icu_provider v2.3.1
    Checking icu_collections v2.3.0
    Checking icu_properties v2.3.0
    Checking icu_normalizer v2.3.0
    Checking hyper v1.11.1
    Checking idna_adapter v1.2.2
    Checking idna v1.1.0
    Checking tower v0.5.3
    Checking hyper-util v0.1.20
    Checking url v2.5.8
    Checking tokio-rustls v0.26.5
    Checking tower-http v0.6.11
    Checking hyper-rustls v0.27.9
    Checking serde v1.0.229
    Checking reqwest v0.13.5
 Documenting typesafe-sdk v0.1.0 (/tmp/hiero-sdk-audit-20261005/volker48)
    Finished `dev` profile [unoptimized + debuginfo] target(s) in 1.87s
   Generated /tmp/hiero-sdk-audit-20261005/target/doc/typesafe_sdk/index.html
