    Checking cfg-if v1.0.5
    Checking libc v0.2.189
    Checking serde_core v1.0.229
    Checking bitflags v2.13.2
    Checking linux-raw-sys v0.12.1
    Checking zerocopy v0.8.57
    Checking serde v1.0.229
    Checking aws-lc-sys v0.45.0
    Checking socket2 v0.6.5
    Checking mio v1.2.3
    Checking tokio v1.53.1
    Checking aws-lc-rs v1.18.1
    Checking getrandom v0.3.4
    Checking fastrand v2.5.0
    Checking rustls-webpki v0.103.15
    Checking tracing v0.1.44
    Checking rustix v1.1.5
    Checking tokio-util v0.7.19
    Checking serde_json v1.0.151
    Checking rustls v0.23.45
    Checking h2 v0.4.19
    Checking thiserror v2.0.20
    Checking futures-task v0.3.34
    Checking futures-util v0.3.34
    Checking hyper v1.11.1
    Checking num-traits v0.2.19
    Checking getrandom v0.4.3
    Checking regex-syntax v0.8.11
    Checking simdutf8 v0.1.5
    Checking faststr v0.2.34
    Checking hyper-util v0.1.20
    Checking ref-cast v1.0.27
    Checking tokio-rustls v0.26.5
    Checking ppv-lite86 v0.2.21
    Checking sonic-simd v0.1.4
    Checking sonic-number v0.1.3
    Checking bumpalo v3.20.3
    Checking quick-error v1.2.3
    Checking deranged v0.5.8
    Checking time-core v0.1.9
    Checking powerfmt v0.2.0
    Checking num-conv v0.2.2
    Checking rand_core v0.9.5
    Checking bit-vec v0.8.0
    Checking bit-set v0.8.0
    Checking castaway v0.2.4
    Checking hyper-rustls v0.27.9
    Checking ahash v0.8.12
    Checking time v0.3.55
    Checking unarray v0.1.4
    Checking static_assertions v1.1.0
    Checking compact_str v0.10.0
    Checking sonic-rs v0.5.10
    Checking yasna v0.6.0
    Checking rcgen v0.14.10
    Checking rustls-platform-verifier v0.7.0
    Checking tempfile v3.27.0
    Checking serde_path_to_error v0.1.20
    Checking secrecy v0.10.3
    Checking wait-timeout v0.2.1
   Compiling decision-model-sdk-macros v0.1.0 (/tmp/hiero-sdk-audit-20261005/zchee/crates/macros)
    Checking rusty-fork v0.3.1
    Checking rand_xorshift v0.4.0
    Checking rand_chacha v0.9.0
    Checking rand v0.9.5
    Checking proptest v1.11.0
    Checking decision-model-sdk v0.1.0 (/tmp/hiero-sdk-audit-20261005/zchee/crates/sdk)
    Checking decision-model-sdk-test-support v0.1.0 (/tmp/hiero-sdk-audit-20261005/zchee/crates/test-support)
   Compiling equivalent v1.0.2
   Compiling hashbrown v0.17.1
    Checking approx v0.5.1
    Checking terminal_size v0.4.4
    Checking clap_lex v1.1.1
    Checking anstyle v1.0.14
   Compiling indexmap v2.14.2
    Checking glob v0.3.4
    Checking clap_builder v4.6.7
   Compiling toml_edit v0.25.15+spec-1.1.0
    Checking statrs v0.18.0
    Checking nix v0.31.3
    Checking anyhow v1.0.104
    Checking aho-corasick v1.1.5
    Checking colored v3.1.1
    Checking scopeguard v1.2.0
    Checking winnow v1.0.4
    Checking gimli v0.32.3
    Checking adler2 v2.0.1
    Checking miniz_oxide v0.8.9
    Checking regex-automata v0.4.18
    Checking addr2line v0.25.1
    Checking toml_parser v1.1.3+spec-1.1.0
    Checking lock_api v0.4.14
    Checking codspeed v5.0.2
    Checking parking_lot_core v0.9.12
    Checking clap v4.6.7
   Compiling proc-macro-crate v3.5.0
    Checking object v0.37.3
    Checking toml_datetime v1.1.1+spec-1.1.0
    Checking serde_spanned v1.1.1
    Checking toml_writer v1.1.2+spec-1.1.0
    Checking regex-lite v0.1.9
    Checking rustc-demangle v0.1.28
    Checking condtype v1.3.0
    Checking codspeed-divan-compat-walltime v5.0.2
    Checking toml v1.1.6+spec-1.1.0
   Compiling codspeed-divan-compat-macros v5.0.2
    Checking parking_lot v0.12.5
    Checking target-tuple v1.0.2
    Checking regex v1.13.1
    Checking backtrace v0.3.76
    Checking lazy_static v1.5.0
    Checking rustc-hash v1.1.0
    Checking mintex v0.1.4
    Checking termcolor v1.4.1
    Checking thousands v0.2.0
    Checking dhat v0.3.3
    Checking trybuild v1.0.121
    Checking codspeed-divan-compat v5.0.2
    Checking decision-model-adapter v0.1.0 (/tmp/hiero-sdk-audit-20261005/zchee/crates/adapter)
    Checking once_cell v1.21.4
    Checking unicode-ident v1.0.26
    Checking proc-macro2 v1.0.107
    Checking quote v1.0.47
    Checking syn v3.0.6
    Finished `dev` profile [unoptimized + debuginfo] target(s) in 13.37s
